// Jest Snapshot v1, https://goo.gl/fbAQLP

exports[`Section.vue mount a Section component 1`] = `
<div class="sectionContainer">
  <div class="sectionTitle">main hall</div>
  <div class="sectionLayout">
    <table>
      <thead>
        <tr>
          <th class="thRow">row</th>
          <th colspan="5">seats</th>
        </tr>
      </thead>
      <tbody>
        <tr>
          <th scope="row" class="sectionRow">1</th>
          <div class="seatsRow">
            <td style="background: rgb(31, 31, 31);" class="sectionSeat">gr2</td>
            <td style="background: rgb(31, 31, 31);" class="sectionSeat">gr2</td>
            <td style="background: rgb(31, 31, 31);" class="sectionSeat">gr1</td>
            <td style="background: rgb(31, 31, 31);" class="sectionSeat">gr1</td>
          </div>
        </tr>
        <tr>
          <th scope="row" class="sectionRow">2</th>
          <div class="seatsRow">
            <td style="background: rgb(225, 221, 224);" class="sectionSeat"></td>
            <td style="background: rgb(225, 221, 224);" class="sectionSeat"></td>
            <td style="background: rgb(156, 156, 156);" class="sectionSeat"></td>
            <td style="background: rgb(156, 156, 156);" class="sectionSeat"></td>
            <td style="background: rgb(156, 156, 156);" class="sectionSeat"></td>
            <td style="background: rgb(156, 156, 156);" class="sectionSeat"></td>
          </div>
        </tr>
      </tbody>
    </table>
  </div>
</div>
`;
